2 putative CRISPRs identified3 putative CRISPRs identified3 putative CRISPRs identified
	Total CRISPRs to process: 3
	SEQUENCE_11470978997XEUWEPYORNC009468	NC_009468 - 35124-36608	 Remaining: 2
	SEQUENCE_11470978997XEUWEPYORNC009468	NC_009468 - 36653-37522	 Remaining: 1
	  Array_quality_score= 8.03
	  Array_quality_score= 8.03
	SEQUENCE_31470978997LNC009470	NC_009470 - 25686-25827	 Remaining: 0
	  Array_quality_score= 7.98
